=== 1. repeatability ===
repeatability: selected 30 stratified fixtures, k=3 calls each
  [1/30] mt_012249215 [BEHAVIOR_HEAVY,FORMATION_HEAVY,HIGH_SHRI] sem_stable=0.9 severe=0.1
  [2/30] mt_978814872 [BEHAVIOR_HEAVY,FORMATION_HEAVY,POTENTIAL] sem_stable=1.0 severe=0.0
  [3/30] mt_581147561 [BEHAVIOR_HEAVY,FORMATION_HEAVY,HIGH_SHRI] sem_stable=1.0 severe=0.0
  [4/30] mt_972821383 [BEHAVIOR_HEAVY,FORMATION_HEAVY,POTENTIAL] sem_stable=1.0 severe=0.0
  [5/30] mt_629495329 [BEHAVIOR_HEAVY,FORMATION_HEAVY,HIGH_SHRI] sem_stable=1.0 severe=0.0
  [6/30] mt_408750625 [BEHAVIOR_HEAVY,FORMATION_HEAVY,HIGH_SHRI] sem_stable=1.0 severe=0.0
  [7/30] mt_584193286 [BEHAVIOR_HEAVY,FORMATION_HEAVY,HIGH_SHRI] sem_stable=1.0 severe=0.0
  [8/30] mt_257018883 [BEHAVIOR_HEAVY,FORMATION_HEAVY,HIGH_SHRI] sem_stable=1.0 severe=0.0
  [9/30] mt_012238074 [BEHAVIOR_HEAVY,FORMATION_HEAVY,HIGH_SHRI] sem_stable=1.0 severe=0.0
  [10/30] mt_196560601 [BEHAVIOR_HEAVY,FORMATION_HEAVY,HIGH_SHRI] sem_stable=1.0 severe=0.0
  [11/30] mt_257078632 [BEHAVIOR_HEAVY,FORMATION_HEAVY,HIGH_SHRI] sem_stable=1.0 severe=0.0
  [12/30] mt_361806747 [BEHAVIOR_HEAVY,FORMATION_HEAVY,HIGH_SHRI] sem_stable=1.0 severe=0.0
  [13/30] mt_257018652 [BEHAVIOR_HEAVY,FORMATION_HEAVY,HIGH_SHRI] sem_stable=1.0 severe=0.0
  [14/30] mt_362652308 [BEHAVIOR_HEAVY,FORMATION_HEAVY,HIGH_SHRI] sem_stable=1.0 severe=0.0
  [15/30] mt_743352721 [BEHAVIOR_HEAVY,FORMATION_HEAVY,HIGH_SHRI] sem_stable=1.0 severe=0.0
  [16/30] mt_629493933 [BEHAVIOR_HEAVY,FORMATION_HEAVY,HIGH_SHRI] sem_stable=1.0 severe=0.0
  [17/30] mt_408681608 [BEHAVIOR_HEAVY,FORMATION_HEAVY,HIGH_SHRI] sem_stable=1.0 severe=0.0
  [18/30] mt_629312415 [BEHAVIOR_HEAVY,FORMATION_HEAVY,HIGH_SHRI] sem_stable=1.0 severe=0.0
  [19/30] mt_629405324 [BEHAVIOR_HEAVY,FORMATION_HEAVY,HIGH_SHRI] sem_stable=1.0 severe=0.0
  [20/30] mt_584193347 [BEHAVIOR_HEAVY,FORMATION_HEAVY,HIGH_SHRI] sem_stable=1.0 severe=0.0
  [21/30] mt_839904828 [BEHAVIOR_HEAVY,FORMATION_HEAVY,HIGH_SHRI] sem_stable=1.0 severe=0.0
  [22/30] mt_629493944 [BEHAVIOR_HEAVY,FORMATION_HEAVY,HIGH_SHRI] sem_stable=1.0 severe=0.0
  [23/30] mt_196567553 [BEHAVIOR_HEAVY,FORMATION_HEAVY,HIGH_SHRI] sem_stable=0.8788 severe=0.0
  [24/30] mt_013481284 [BEHAVIOR_HEAVY,FORMATION_HEAVY,HIGH_SHRI] sem_stable=1.0 severe=0.0
  [25/30] mt_830976530 [BEHAVIOR_HEAVY,FORMATION_HEAVY,HIGH_SHRI] sem_stable=1.0 severe=0.0
  [26/30] mt_584193391 [BEHAVIOR_HEAVY,FORMATION_HEAVY,HIGH_SHRI] sem_stable=1.0 severe=0.0
  [27/30] mt_978826968: <2 OK calls (['LLM_STATE_REJECTED', 'OK', 'LLM_STATE_REJECTED']); skipping field analysis
  [28/30] mt_830905035: <2 OK calls (['LLM_STATE_REJECTED', 'LLM_STATE_REJECTED', 'LLM_STATE_REJECTED']); skipping field analysis
  [29/30] mt_830906938 [BEHAVIOR_HEAVY,FORMATION_HEAVY,HIGH_SHRI] sem_stable=1.0 severe=0.0
  [30/30] mt_196039593 [BEHAVIOR_HEAVY,FORMATION_HEAVY,HIGH_SHRI] sem_stable=1.0 severe=0.0
{
  "n_fixtures": 30,
  "n_calls": 90,
  "n_ok_calls": 80,
  "overall": {
    "n_mechanism_keys": 952,
    "presence_stable_frac": 0.8067,
    "status_agree_frac": 0.9317,
    "strength_agree_frac": 0.9317,
    "confidence_agree_frac": 0.9412,
    "support_ids_agree_frac": 0.8277,
    "counter_ids_agree_frac": 0.9863,
    "unknown_agree_frac": 0.9958,
    "conflicted_agree_frac": 1.0,
    "limitations_agree_frac": 0.7721,
    "severity_hist": {
      "0": 853,
      "1": 91,
      "2": 4,
      "3": 0,
      "4": 4
    },
    "semantically_stable_frac": 0.9916,
    "severe_disagreement_frac": 0.0042
  },
  "instability_cause_counts": {
    "STABLE": 944,
    "RESOLVED_VS_UNCERTAIN_FLIP": 4,
    "ONTOLOGY_BOUNDARY_OR_MODEL_NOISE": 4
  },
  "cost": {
    "total_usd": 15.8169,
    "usd_per_fixture": 0.5272,
    "usd_per_call": 0.1757
  }
}
=== 2. counter_golden ===
  case A [WIDE_PRESSURE_MATCHUP] constraint_pass=True explicit_recall=0.0 constrained=True false_opp=False statuses=A_ADVANTAGE|A_ADVANTAGE
  case B [BOX_PRESSURE_MATCHUP] constraint_pass=True explicit_recall=0.0 constrained=True false_opp=False statuses=CONFLICTED|CONFLICTED
  case C [FORMATION_WIDTH_INTERACTION] constraint_pass=False explicit_recall=None constrained=False false_opp=False statuses=
  case D [SECOND_HALF_PRESSURE_SHIFT] constraint_pass=True explicit_recall=None constrained=True false_opp=False statuses=A_ADVANTAGE|A_ADVANTAGE
  case E [WIDTH_PRESSURE] constraint_pass=True explicit_recall=0.0 constrained=True false_opp=False statuses=MEDIUM|MEDIUM
  case F [WIDE_PRESSURE_MATCHUP] constraint_pass=True explicit_recall=None constrained=True false_opp=False statuses=A_ADVANTAGE|A_ADVANTAGE
{
  "n_cases": 6,
  "n_constraint_pass": 5,
  "constraint_pass_rate": 0.8333,
  "n_explicit_recall_any": 0,
  "cost_usd": 0.3947
}
=== 3. ablation_vs_noise ===
ablation-vs-noise: 15 fixtures, k=3 full calls + 1 ablation each
  [1/15] mt_012249215 D_abl=0.1118 noise_p90=0.2039 exceeds=False form_meaningful=False
  [2/15] mt_978814872 D_abl=0.2014 noise_p90=0.0643 exceeds=True form_meaningful=False
  [3/15] mt_581147561 D_abl=0.2929 noise_p90=0.0 exceeds=True form_meaningful=False
  [4/15] mt_972821383: insufficient OK calls (full_ok=3, abl=LLM_STATE_REJECTED); skip
  [5/15] mt_629495329: insufficient OK calls (full_ok=3, abl=LLM_STATE_REJECTED); skip
  [6/15] mt_408750625 D_abl=0.0455 noise_p90=0.0455 exceeds=False form_meaningful=False
  [7/15] mt_584193286 D_abl=0.0227 noise_p90=0.0682 exceeds=False form_meaningful=False
  [8/15] mt_257018883 D_abl=0.25 noise_p90=0.0455 exceeds=True form_meaningful=False
  [9/15] mt_012238074 D_abl=0.2375 noise_p90=0.0329 exceeds=True form_meaningful=False
  [10/15] mt_196560601 D_abl=0.053 noise_p90=0.0076 exceeds=True form_meaningful=False
  [11/15] mt_257078632 D_abl=0.25 noise_p90=0.0152 exceeds=True form_meaningful=False
  [12/15] mt_361806747: insufficient OK calls (full_ok=3, abl=LLM_STATE_UNAVAILABLE); skip
  [13/15] mt_257018652: insufficient OK calls (full_ok=3, abl=LLM_STATE_UNAVAILABLE); skip
  [14/15] mt_362652308: insufficient OK calls (full_ok=3, abl=LLM_STATE_UNAVAILABLE); skip
  [15/15] mt_743352721: insufficient OK calls (full_ok=3, abl=LLM_STATE_UNAVAILABLE); skip
{
  "study": "ablation_vs_noise",
  "generation_id": "LLM_MATCHUP_V2",
  "n_fixtures_analyzed": 9,
  "k_calls": 3,
  "n_ablation_exceeds_noise": 6,
  "frac_ablation_exceeds_noise": 0.6667,
  "n_formation_meaningful": 0,
  "frac_formation_meaningful": 0.0,
  "n_mechanisms": 40,
  "n_unstable_sensitivity": 5,
  "n_formation_mechanisms": 0,
  "n_formation_mechanisms_ok": 0,
  "mean_ablation_distance": 0.1628,
  "mean_self_noise": 0.0415,
  "cost_usd": 9.413,
  "created_unix": 1789276264
}
=== 4. controls ===
controls: 15 fixtures, k=3 self-noise calls + 3 control calls each
  [1/15] mt_012249215 noise_p90=0.204 shuffle=NA team=NA comp=NA
  [2/15] mt_978814872 noise_p90=0.064 shuffle=NA team=NA comp=NA
  [3/15] mt_581147561 noise_p90=0.000 shuffle=NA team=NA comp=NA
  [4/15] mt_972821383 noise_p90=0.023 shuffle=NA team=NA comp=NA
  [5/15] mt_629495329 noise_p90=0.114 shuffle=NA team=NA comp=NA
  [6/15] mt_408750625 noise_p90=0.045 shuffle=NA team=NA comp=NA
  [7/15] mt_584193286 noise_p90=0.068 shuffle=NA team=NA comp=NA
  [8/15] mt_257018883 noise_p90=0.045 shuffle=NA team=NA comp=NA
  [9/15] mt_012238074 noise_p90=0.033 shuffle=NA team=NA comp=NA
  [10/15] mt_196560601 noise_p90=0.008 shuffle=NA team=NA comp=NA
  [11/15] mt_257078632 noise_p90=0.015 shuffle=NA team=NA comp=NA
  [12/15] mt_361806747 noise_p90=0.008 shuffle=NA team=NA comp=NA
  [13/15] mt_257018652 noise_p90=0.000 shuffle=NA team=NA comp=NA
  [14/15] mt_362652308 noise_p90=0.091 shuffle=NA team=NA comp=NA
  [15/15] mt_743352721 noise_p90=0.013 shuffle=NA team=NA comp=NA
{
  "study": "identifier_controls",
  "generation_id": "LLM_MATCHUP_V2",
  "n_fixtures": 15,
  "k_calls": 3,
  "formation_label_shuffle": {
    "n": 0,
    "n_tripped": 0,
    "trip_rate": 0.0,
    "mean_distance": null
  },
  "team_name_control": {
    "n": 0,
    "n_tripped": 0,
    "trip_rate": 0.0,
    "mean_distance": null
  },
  "competition_name_control": {
    "n": 0,
    "n_tripped": 0,
    "trip_rate": 0.0,
    "mean_distance": null
  },
  "cost_usd": 8.4706,
  "created_unix": 1789276958
}
=== 5. surrogate ladder ===
=== 6. aggregate comparison ===
=== 7. mechanism eligibility + cost ===
=== 8. freeze LLM_MATCHUP_V2 ===
{
  "action": "frozen",
  "path": "/home/ubuntu/research/llm_matchup/out/FREEZE_LLM_MATCHUP_V2.json",
  "generation_id": "LLM_MATCHUP_V2",
  "generation_hash": "a78c5df8198763dafdd7f087a2bceeb7dc71d2e8fd9ab5c7979fa6eb7aa65e78",
  "freeze_hash": "685de2e3f13bd3b50182a751b5d84c0b678e0b5f8e1bd8def0e8c9f9ebfef44f",
  "n_control_fixtures": 30,
  "b2_selection_hash": "4c322004380882cf62b16cac8737080ffd0953a1ef8f793d5e27d22ef2971a10"
}
{
  "elapsed_s": 6803.1,
  "eligibility": {
    "PHASE_C_ELIGIBLE": 18,
    "REDUNDANT_WITH_DETERMINISTIC": 2,
    "INSUFFICIENT_COVERAGE": 8,
    "RESEARCH_ONLY_UNSTABLE": 1
  }
}
