B1: selected 10 adversarial fixtures
  mt_624494995 full=OK abl=OK abl_d=0.23 rep_d=0.00
  mt_406686899 full=OK abl=OK abl_d=0.21 rep_d=0.17
  mt_839956993 full=OK abl=OK abl_d=0.36 rep_d=0.00
  mt_974237747 full=OK abl=OK abl_d=0.06 rep_d=0.15
  mt_584271586 full=OK abl=OK abl_d=0.27 rep_d=0.00
  mt_257690291 full=OK abl=OK abl_d=0.06 rep_d=0.15
  mt_361807430 full=OK abl=OK abl_d=1.00 rep_d=0.76
  mt_196035863 full=OK abl=OK abl_d=0.27 rep_d=0.03
  mt_257018290 full=OK abl=OK abl_d=0.15 rep_d=0.03
  mt_745924405 full=OK abl=OK abl_d=0.15 rep_d=0.06
{
  "phase": "B1",
  "n_fixtures": 10,
  "metrics": {
    "attempted": 10,
    "ok": 10,
    "repeat_unstable": 4,
    "shuffle_stereotype_fail": 2
  },
  "ablation_mean_change": 0.2764,
  "shuffle_mean_change": 0.3365,
  "repeatability_mean_change": 0.1354,
  "n_formation_sensitive": 10,
  "n_stereotype_flags": 2,
  "n_repeat_stable": 6,
  "versions": {
    "ontology_version": "football_ontology_v2",
    "schema_version": "football_state_schema_v2",
    "prompt_version": "sonnet_prompt_v2",
    "cohort_policy_version": "cohort_policy_v1",
    "packet_schema_version": "fixture_evidence_packet_v2",
    "formation_policy_version": "formation_policy_v1",
    "formation_family_version": "formation_family_v1"
  },
  "created_unix": 1789262977
}
